{"sessionId":"c04398","timestamp":1774665217726,"runId":"initial","hypothesisId":"H6","location":"app/cadastro/turista/page.tsx:username-status","message":"username status changed","data":{"usernameLimpo":"","usernameStatus":"idle","usernameFeedback":""}}
{"sessionId":"c04398","timestamp":1774665217721,"runId":"initial","hypothesisId":"H2","location":"app/cadastro/turista/page.tsx:username-empty","message":"username empty after normalize","data":{"nomeUsuarioRaw":"","usernameLimpo":""}}
{"sessionId":"c04398","timestamp":1774665217731,"runId":"initial","hypothesisId":"H1","location":"app/cadastro/turista/page.tsx:username-effect","message":"username effect triggered","data":{"nomeUsuarioRaw":"","usernameLimpo":""}}
{"sessionId":"c04398","timestamp":1774665217691,"runId":"initial","hypothesisId":"H1","location":"app/cadastro/turista/page.tsx:username-effect","message":"username effect triggered","data":{"nomeUsuarioRaw":"","usernameLimpo":""}}
{"sessionId":"c04398","timestamp":1774665217734,"runId":"initial","hypothesisId":"H2","location":"app/cadastro/turista/page.tsx:username-empty","message":"username empty after normalize","data":{"nomeUsuarioRaw":"","usernameLimpo":""}}
{"sessionId":"c04398","timestamp":1774665217738,"runId":"initial","hypothesisId":"H6","location":"app/cadastro/turista/page.tsx:username-status","message":"username status changed","data":{"usernameLimpo":"","usernameStatus":"idle","usernameFeedback":""}}
{"sessionId":"c04398","timestamp":1774665222648,"runId":"initial","hypothesisId":"H1","location":"app/cadastro/turista/page.tsx:username-effect","message":"username effect triggered","data":{"nomeUsuarioRaw":"@","usernameLimpo":""}}
{"sessionId":"c04398","timestamp":1774665222651,"runId":"initial","hypothesisId":"H2","location":"app/cadastro/turista/page.tsx:username-empty","message":"username empty after normalize","data":{"nomeUsuarioRaw":"@","usernameLimpo":""}}
{"sessionId":"c04398","timestamp":1774665223856,"runId":"initial","hypothesisId":"H1","location":"app/cadastro/turista/page.tsx:username-effect","message":"username effect triggered","data":{"nomeUsuarioRaw":"@g","usernameLimpo":"g"}}
{"sessionId":"c04398","timestamp":1774665223859,"runId":"initial","hypothesisId":"H3","location":"app/cadastro/turista/page.tsx:username-regex","message":"username failed regex","data":{"usernameLimpo":"g","regex":"^[a-z0-9._]{3,20}$"}}
{"sessionId":"c04398","timestamp":1774665223862,"runId":"initial","hypothesisId":"H6","location":"app/cadastro/turista/page.tsx:username-status","message":"username status changed","data":{"usernameLimpo":"g","usernameStatus":"idle","usernameFeedback":""}}
{"sessionId":"c04398","timestamp":1774665223910,"runId":"initial","hypothesisId":"H1","location":"app/cadastro/turista/page.tsx:username-effect","message":"username effect triggered","data":{"nomeUsuarioRaw":"@gi","usernameLimpo":"gi"}}
{"sessionId":"c04398","timestamp":1774665223913,"runId":"initial","hypothesisId":"H3","location":"app/cadastro/turista/page.tsx:username-regex","message":"username failed regex","data":{"usernameLimpo":"gi","regex":"^[a-z0-9._]{3,20}$"}}
{"sessionId":"c04398","timestamp":1774665223916,"runId":"initial","hypothesisId":"H6","location":"app/cadastro/turista/page.tsx:username-status","message":"username status changed","data":{"usernameLimpo":"gi","usernameStatus":"unavailable","usernameFeedback":"Use 3-20 caracteres: letras minúsculas, números, ponto e _"}}
{"sessionId":"c04398","timestamp":1774665223938,"runId":"initial","hypothesisId":"H1","location":"app/cadastro/turista/page.tsx:username-effect","message":"username effect triggered","data":{"nomeUsuarioRaw":"@gil","usernameLimpo":"gil"}}
{"sessionId":"c04398","timestamp":1774665223940,"runId":"initial","hypothesisId":"H6","location":"app/cadastro/turista/page.tsx:username-status","message":"username status changed","data":{"usernameLimpo":"gil","usernameStatus":"unavailable","usernameFeedback":"Use 3-20 caracteres: letras minúsculas, números, ponto e _"}}
{"sessionId":"c04398","timestamp":1774665223953,"runId":"initial","hypothesisId":"H1","location":"app/cadastro/turista/page.tsx:username-effect","message":"username effect triggered","data":{"nomeUsuarioRaw":"@gilb","usernameLimpo":"gilb"}}
{"sessionId":"c04398","timestamp":1774665223955,"runId":"initial","hypothesisId":"H6","location":"app/cadastro/turista/page.tsx:username-status","message":"username status changed","data":{"usernameLimpo":"gilb","usernameStatus":"checking","usernameFeedback":"Verificando disponibilidade..."}}
{"sessionId":"c04398","timestamp":1774665223995,"runId":"initial","hypothesisId":"H1","location":"app/cadastro/turista/page.tsx:username-effect","message":"username effect triggered","data":{"nomeUsuarioRaw":"@gilbe","usernameLimpo":"gilbe"}}
{"sessionId":"c04398","timestamp":1774665223996,"runId":"initial","hypothesisId":"H6","location":"app/cadastro/turista/page.tsx:username-status","message":"username status changed","data":{"usernameLimpo":"gilbe","usernameStatus":"checking","usernameFeedback":"Verificando disponibilidade..."}}
{"sessionId":"c04398","timestamp":1774665224399,"runId":"initial","hypothesisId":"H4","location":"app/cadastro/turista/page.tsx:debounce-query-start","message":"starting username availability query","data":{"usernameLimpo":"gilbe"}}
{"sessionId":"c04398","timestamp":1774665224451,"runId":"initial","hypothesisId":"H1","location":"app/cadastro/turista/page.tsx:username-effect","message":"username effect triggered","data":{"nomeUsuarioRaw":"@gilber","usernameLimpo":"gilber"}}
{"sessionId":"c04398","timestamp":1774665224453,"runId":"initial","hypothesisId":"H6","location":"app/cadastro/turista/page.tsx:username-status","message":"username status changed","data":{"usernameLimpo":"gilber","usernameStatus":"checking","usernameFeedback":"Verificando disponibilidade..."}}
{"sessionId":"c04398","timestamp":1774665224671,"runId":"initial","hypothesisId":"H1","location":"app/cadastro/turista/page.tsx:username-effect","message":"username effect triggered","data":{"nomeUsuarioRaw":"@gilbert","usernameLimpo":"gilbert"}}
{"sessionId":"c04398","timestamp":1774665224672,"runId":"initial","hypothesisId":"H6","location":"app/cadastro/turista/page.tsx:username-status","message":"username status changed","data":{"usernameLimpo":"gilbert","usernameStatus":"checking","usernameFeedback":"Verificando disponibilidade..."}}
{"sessionId":"c04398","timestamp":1774665225081,"runId":"initial","hypothesisId":"H4","location":"app/cadastro/turista/page.tsx:debounce-query-start","message":"starting username availability query","data":{"usernameLimpo":"gilbert"}}
{"sessionId":"c04398","timestamp":1774665226641,"runId":"initial","hypothesisId":"H1","location":"app/cadastro/turista/page.tsx:username-effect","message":"username effect triggered","data":{"nomeUsuarioRaw":"@gilberto","usernameLimpo":"gilberto"}}
{"sessionId":"c04398","timestamp":1774665226642,"runId":"initial","hypothesisId":"H6","location":"app/cadastro/turista/page.tsx:username-status","message":"username status changed","data":{"usernameLimpo":"gilberto","usernameStatus":"checking","usernameFeedback":"Verificando disponibilidade..."}}
{"sessionId":"c04398","timestamp":1774665227061,"runId":"initial","hypothesisId":"H4","location":"app/cadastro/turista/page.tsx:debounce-query-start","message":"starting username availability query","data":{"usernameLimpo":"gilberto"}}
{"sessionId":"c04398","timestamp":1774665227456,"runId":"initial","hypothesisId":"H5","location":"app/cadastro/turista/page.tsx:debounce-query-done","message":"username query finished","data":{"usernameLimpo":"gilberto","turistasCount":0,"profissionaisCount":0,"empresasCount":0,"turistasError":null,"profissionaisError":null,"empresasError":null}}
{"sessionId":"c04398","timestamp":1774665227462,"runId":"initial","hypothesisId":"H6","location":"app/cadastro/turista/page.tsx:username-status","message":"username status changed","data":{"usernameLimpo":"gilberto","usernameStatus":"available","usernameFeedback":"🟢 Disponivel"}}
